[2026-09-13T16:29:25.165Z] GET file:///tmp/bt.html → 200 (4ms, 4652B)
[2026-09-13T16:29:25.195Z] GET https://img.shields.io/badge/PHP-0F766E?style=flat-square&logo=php&logoColor=white → pending (?ms, ?B)
[2026-09-13T16:29:25.198Z] GET https://img.shields.io/badge/Laravel-0F766E?style=flat-square&logo=laravel&logoColor=white → pending (?ms, ?B)
[2026-09-13T16:29:25.198Z] GET https://img.shields.io/badge/MySQL-0F766E?style=flat-square&logo=mysql&logoColor=white → pending (?ms, ?B)
[2026-09-13T16:29:25.198Z] GET https://img.shields.io/badge/REST%20APIs-0F766E?style=flat-square → pending (?ms, ?B)
[2026-09-13T16:29:25.198Z] GET https://img.shields.io/badge/OpenAPI-0F766E?style=flat-square&logo=swagger&logoColor=white → pending (?ms, ?B)
[2026-09-13T16:29:25.199Z] GET https://img.shields.io/badge/Vue%203-334155?style=flat-square&logo=vuedotjs&logoColor=white → pending (?ms, ?B)
[2026-09-13T16:29:25.199Z] GET https://img.shields.io/badge/Inertia-334155?style=flat-square&logo=inertia&logoColor=white → pending (?ms, ?B)
[2026-09-13T16:29:25.199Z] GET https://img.shields.io/badge/TypeScript-334155?style=flat-square&logo=typescript&logoColor=white → pending (?ms, ?B)
[2026-09-13T16:29:25.199Z] GET https://img.shields.io/badge/Tailwind-334155?style=flat-square&logo=tailwindcss&logoColor=white → pending (?ms, ?B)
[2026-09-13T16:29:25.199Z] GET https://img.shields.io/badge/Filament-334155?style=flat-square&logo=filament&logoColor=white → pending (?ms, ?B)
[2026-09-13T16:29:25.199Z] GET https://img.shields.io/badge/Laravel%20Nova-334155?style=flat-square&logo=laravel&logoColor=white → pending (?ms, ?B)
[2026-09-13T16:29:25.199Z] GET https://img.shields.io/badge/React%20Native-334155?style=flat-square&logo=react&logoColor=white → pending (?ms, ?B)
[2026-09-13T16:29:25.199Z] GET https://img.shields.io/badge/Expo-334155?style=flat-square&logo=expo&logoColor=white → pending (?ms, ?B)
[2026-09-13T16:29:25.199Z] GET https://img.shields.io/badge/Node.js-334155?style=flat-square&logo=nodedotjs&logoColor=white → pending (?ms, ?B)
[2026-09-13T16:29:25.199Z] GET https://img.shields.io/badge/Git-334155?style=flat-square&logo=git&logoColor=white → pending (?ms, ?B)
[2026-09-13T16:29:25.199Z] GET https://img.shields.io/badge/Docker-334155?style=flat-square&logo=docker&logoColor=white → pending (?ms, ?B)
[2026-09-13T16:29:25.199Z] GET https://img.shields.io/badge/Postman-334155?style=flat-square&logo=postman&logoColor=white → pending (?ms, ?B)
[2026-09-13T16:29:25.200Z] GET https://img.shields.io/badge/Playwright-334155?style=flat-square&logo=playwright&logoColor=white → pending (?ms, ?B)
[2026-09-13T16:29:25.200Z] GET https://img.shields.io/badge/Jira-334155?style=flat-square&logo=jira&logoColor=white → pending (?ms, ?B)
